[www.cdc.gov/places/measure-definitions/index.html]
[backblue.gif]
[fade.gif]
[index.html]
[www.cdc.gov/places/measure-definitions/index-2.html]
[www.cdc.gov/places/measure-definitions/health-outcomes.html]
[www.cdc.gov/places/measure-definitions/prevention.html]
[www.cdc.gov/places/measure-definitions/health-risk-behaviors.html]
[www.cdc.gov/places/measure-definitions/disability.html]
[www.cdc.gov/places/measure-definitions/health-status.html]
[www.cdc.gov/places/measure-definitions/health-related-social-needs.html]
[www.cdc.gov/places/measure-definitions/social-determinants-of-health.html]
[www.cdc.gov/places/measure-definitions/index.html]
[www.cdc.gov/places/measure-definitions/index-2.html]
[www.cdc.gov/places/measure-definitions/health-outcomes.html]
[www.cdc.gov/places/measure-definitions/prevention.html]
[www.cdc.gov/places/measure-definitions/health-risk-behaviors.html]
[www.cdc.gov/places/measure-definitions/disability.html]
[www.cdc.gov/places/measure-definitions/health-status.html]
[www.cdc.gov/places/measure-definitions/health-related-social-needs.html]
[www.cdc.gov/places/measure-definitions/social-determinants-of-health.html]
